// Vitest Snapshot v1, https://vitest.dev/guide/snapshot.html

exports[`Home > should render the heading 1`] = `
.c0 {
  background-color: #06092b;
  color: #fff;
  width: 100%;
  height: 100%;
  padding: 3rem;
  text-align: center;
  display: flex;
  flex-direction: column;
  align-items: center;
  justify-content: center;
}

.c1 {
  width: 10rem;
  margin-bottom: 2rem;
}

.c2 {
  font-size: 2.5rem;
}

.c3 {
  font-size: 2rem;
  font-weight: 400;
}

.c4 {
  margin-top: 3rem;
  width: min(30rem, 100%);
}

<main
  class="c0"
>
  <img
    alt="Logo Next.js"
    class="c1"
    src="/img/logo.png"
  />
  <h1
    class="c2"
  >
    Next.js Boilerplate
  </h1>
  <h2
    class="c3"
  >
    TypeScript, ReactJS, NextJS and Styled Components
  </h2>
  <img
    alt="A developer using a computer."
    class="c4"
    src="/img/coding.svg"
  />
</main>
`;
